[debug] [2026-09-26T10:06:23.842Z] ----------------------------------------------------------------------
[debug] [2026-09-26T10:06:23.846Z] Command:       /usr/bin/node /usr/local/bin/firebase projects:list
[debug] [2026-09-26T10:06:23.847Z] CLI Version:   15.1.0
[debug] [2026-09-26T10:06:23.847Z] Platform:      linux
[debug] [2026-09-26T10:06:23.847Z] Node Version:  v22.22.1
[debug] [2026-09-26T10:06:23.847Z] Time:          Sat Sep 26 2026 12:06:23 GMT+0200 (Hora d’estiu d’Europa central)
[debug] [2026-09-26T10:06:23.848Z] ----------------------------------------------------------------------
[debug] 
[debug] [2026-09-26T10:06:23.851Z] >>> [apiv2][query] GET https://firebase-public.firebaseio.com/cli.json [none]
[debug] [2026-09-26T10:06:23.872Z] > command requires scopes: ["email","openid","https://www.googleapis.com/auth/cloudplatformprojects.readonly","https://www.googleapis.com/auth/firebase","https://www.googleapis.com/auth/cloud-platform"]
[debug] [2026-09-26T10:06:23.872Z] > authorizing via signed-in user (bernat13@gmail.com)
[debug] [2026-09-26T10:06:23.883Z] Checked if tokens are valid: false, expires at: 1786107597580
[debug] [2026-09-26T10:06:23.884Z] Checked if tokens are valid: false, expires at: 1786107597580
[debug] [2026-09-26T10:06:23.885Z] > refreshing access token with scopes: []
[debug] [2026-09-26T10:06:23.887Z] >>> [apiv2][query] POST https://www.googleapis.com/oauth2/v3/token [none]
[debug] [2026-09-26T10:06:23.887Z] >>> [apiv2][body] POST https://www.googleapis.com/oauth2/v3/token [omitted]
[debug] [2026-09-26T10:06:23.925Z] <<< [apiv2][status] GET https://firebase-public.firebaseio.com/cli.json 403
[debug] [2026-09-26T10:06:23.926Z] <<< [apiv2][body] GET https://firebase-public.firebaseio.com/cli.json "Request to GET /cli.json on firebase-public.firebaseio.com not allowed by policy\n"
[warn] ⚠  Unable to fetch the CLI MOTD and remote config. This is not a fatal error, but may indicate an issue with your network connection. 
[debug] [2026-09-26T10:06:23.928Z] Failed to fetch MOTD FirebaseError: Unable to parse JSON: SyntaxError: Unexpected token 'R', "Request to"... is not valid JSON
[debug] [2026-09-26T10:06:23.934Z] <<< [apiv2][status] POST https://www.googleapis.com/oauth2/v3/token 403
[debug] [2026-09-26T10:06:23.934Z] <<< [apiv2][body] POST https://www.googleapis.com/oauth2/v3/token [omitted]
[error] Authentication Error: Your credentials are no longer valid. Please run firebase login --reauth

For CI servers and headless environments, generate a new token with firebase login:ci
[debug] [2026-09-26T10:06:23.935Z] Authentication Error: Your credentials are no longer valid. Please run firebase login --reauth

For CI servers and headless environments, generate a new token with firebase login:ci
[debug] [2026-09-26T10:06:23.946Z] FirebaseError: Authentication Error: Your credentials are no longer valid. Please run firebase login --reauth

For CI servers and headless environments, generate a new token with firebase login:ci
    at invalidCredentialError (/usr/local/lib/node_modules/firebase-tools/lib/auth.js:167:12)
    at refreshTokens (/usr/local/lib/node_modules/firebase-tools/lib/auth.js:591:15)
    at process.processTicksAndRejections (node:internal/process/task_queues:103:5)
    at async getAccessToken (/usr/local/lib/node_modules/firebase-tools/lib/apiv2.js:42:18)
    at async Client.addAuthHeader (/usr/local/lib/node_modules/firebase-tools/lib/apiv2.js:169:21)
    at async Client.request (/usr/local/lib/node_modules/firebase-tools/lib/apiv2.js:120:34)
    at async getProjectPage (/usr/local/lib/node_modules/firebase-tools/lib/management/projects.js:279:17)
    at async getFirebaseProjectPage (/usr/local/lib/node_modules/firebase-tools/lib/management/projects.js:296:23)
    at async listFirebaseProjects (/usr/local/lib/node_modules/firebase-tools/lib/management/projects.js:327:29)
    at async Command.actionFn (/usr/local/lib/node_modules/firebase-tools/lib/commands/projects-list.js:51:20)
[error] 
[error] Error: Failed to list Firebase projects. See firebase-debug.log for more info.
[debug] [2026-09-26T10:06:24.231Z] Error: EROFS: read-only file system, open '/home/bernat/.config/configstore/firebase-tools.json.2802449721'
    at Object.openSync (node:fs:560:18)
    at Function.writeFileSync [as sync] (/usr/local/lib/node_modules/firebase-tools/node_modules/write-file-atomic/index.js:205:13)
    at set all (/usr/local/lib/node_modules/firebase-tools/node_modules/configstore/index.js:61:20)
    at Configstore.set (/usr/local/lib/node_modules/firebase-tools/node_modules/configstore/index.js:91:12)
    at process.<anonymous> (/usr/local/lib/node_modules/firebase-tools/lib/bin/cli.js:62:39)
    at process.emit (node:events:531:35)
    at process.exit (node:internal/process/per_thread:240:15)
    at Timeout._onTimeout (/usr/local/lib/node_modules/firebase-tools/lib/errorOut.js:20:17)
    at listOnTimeout (node:internal/timers:585:17)
    at process.processTimers (node:internal/timers:521:7)
[error] 
[error] Error: An unexpected error has occurred.
